###############################################################################
#
# IAR ELF Linker V8.10.1.12857/W32 for ARM                12/Jul/2017  21:17:48
# Copyright 2007-2017 IAR Systems AB.
#
#    Output file  =  
#        E:\电磁组\IAR\差比和7.5(斜八字电感)_超声波_蓝牙通信_新车_速度控制_超车_直道超车_武理调试\Prj\IAR\Debug\Exe\SmartCar.out
#    Map file     =  
#        E:\电磁组\IAR\差比和7.5(斜八字电感)_超声波_蓝牙通信_新车_速度控制_超车_直道超车_武理调试\Prj\IAR\Debug\List\SmartCar.map
#    Command line =  
#        -f C:\Users\MR707B~1.XIA\AppData\Local\Temp\EW895A.tmp
#        ("E:\电磁组\IAR\差比和7.5(斜八字电感)_超声波_蓝牙通信_新车_速度控制_超车_直道超车_武理调试\Prj\IAR\Debug\Obj\diskio.o"
#        "E:\电磁组\IAR\差比和7.5(斜八字电感)_超声波_蓝牙通信_新车_速度控制_超车_直道超车_武理调试\Prj\IAR\Debug\Obj\ff.o"
#        "E:\电磁组\IAR\差比和7.5(斜八字电感)_超声波_蓝牙通信_新车_速度控制_超车_直道超车_武理调试\Prj\IAR\Debug\Obj\main.o"
#        "E:\电磁组\IAR\差比和7.5(斜八字电感)_超声波_蓝牙通信_新车_速度控制_超车_直道超车_武理调试\Prj\IAR\Debug\Obj\misc.o"
#        "E:\电磁组\IAR\差比和7.5(斜八字电感)_超声波_蓝牙通信_新车_速度控制_超车_直道超车_武理调试\Prj\IAR\Debug\Obj\MK60_adc.o"
#        "E:\电磁组\IAR\差比和7.5(斜八字电感)_超声波_蓝牙通信_新车_速度控制_超车_直道超车_武理调试\Prj\IAR\Debug\Obj\MK60_can.o"
#        "E:\电磁组\IAR\差比和7.5(斜八字电感)_超声波_蓝牙通信_新车_速度控制_超车_直道超车_武理调试\Prj\IAR\Debug\Obj\MK60_conf.o"
#        "E:\电磁组\IAR\差比和7.5(斜八字电感)_超声波_蓝牙通信_新车_速度控制_超车_直道超车_武理调试\Prj\IAR\Debug\Obj\MK60_dac.o"
#        "E:\电磁组\IAR\差比和7.5(斜八字电感)_超声波_蓝牙通信_新车_速度控制_超车_直道超车_武理调试\Prj\IAR\Debug\Obj\MK60_dma.o"
#        "E:\电磁组\IAR\差比和7.5(斜八字电感)_超声波_蓝牙通信_新车_速度控制_超车_直道超车_武理调试\Prj\IAR\Debug\Obj\MK60_DWT.o"
#        "E:\电磁组\IAR\差比和7.5(斜八字电感)_超声波_蓝牙通信_新车_速度控制_超车_直道超车_武理调试\Prj\IAR\Debug\Obj\MK60_flash.o"
#        "E:\电磁组\IAR\差比和7.5(斜八字电感)_超声波_蓝牙通信_新车_速度控制_超车_直道超车_武理调试\Prj\IAR\Debug\Obj\MK60_flexbus.o"
#        "E:\电磁组\IAR\差比和7.5(斜八字电感)_超声波_蓝牙通信_新车_速度控制_超车_直道超车_武理调试\Prj\IAR\Debug\Obj\MK60_ftm.o"
#        "E:\电磁组\IAR\差比和7.5(斜八字电感)_超声波_蓝牙通信_新车_速度控制_超车_直道超车_武理调试\Prj\IAR\Debug\Obj\MK60_gpio.o"
#        "E:\电磁组\IAR\差比和7.5(斜八字电感)_超声波_蓝牙通信_新车_速度控制_超车_直道超车_武理调试\Prj\IAR\Debug\Obj\MK60_i2c.o"
#        "E:\电磁组\IAR\差比和7.5(斜八字电感)_超声波_蓝牙通信_新车_速度控制_超车_直道超车_武理调试\Prj\IAR\Debug\Obj\MK60_it.o"
#        "E:\电磁组\IAR\差比和7.5(斜八字电感)_超声波_蓝牙通信_新车_速度控制_超车_直道超车_武理调试\Prj\IAR\Debug\Obj\MK60_lptmr.o"
#        "E:\电磁组\IAR\差比和7.5(斜八字电感)_超声波_蓝牙通信_新车_速度控制_超车_直道超车_武理调试\Prj\IAR\Debug\Obj\MK60_mcg.o"
#        "E:\电磁组\IAR\差比和7.5(斜八字电感)_超声波_蓝牙通信_新车_速度控制_超车_直道超车_武理调试\Prj\IAR\Debug\Obj\MK60_PIT.o"
#        "E:\电磁组\IAR\差比和7.5(斜八字电感)_超声波_蓝牙通信_新车_速度控制_超车_直道超车_武理调试\Prj\IAR\Debug\Obj\MK60_port.o"
#        "E:\电磁组\IAR\差比和7.5(斜八字电感)_超声波_蓝牙通信_新车_速度控制_超车_直道超车_武理调试\Prj\IAR\Debug\Obj\MK60_rtc.o"
#        "E:\电磁组\IAR\差比和7.5(斜八字电感)_超声波_蓝牙通信_新车_速度控制_超车_直道超车_武理调试\Prj\IAR\Debug\Obj\MK60_sdhc.o"
#        "E:\电磁组\IAR\差比和7.5(斜八字电感)_超声波_蓝牙通信_新车_速度控制_超车_直道超车_武理调试\Prj\IAR\Debug\Obj\MK60_spi.o"
#        "E:\电磁组\IAR\差比和7.5(斜八字电感)_超声波_蓝牙通信_新车_速度控制_超车_直道超车_武理调试\Prj\IAR\Debug\Obj\MK60_SysTick.o"
#        "E:\电磁组\IAR\差比和7.5(斜八字电感)_超声波_蓝牙通信_新车_速度控制_超车_直道超车_武理调试\Prj\IAR\Debug\Obj\MK60_uart.o"
#        "E:\电磁组\IAR\差比和7.5(斜八字电感)_超声波_蓝牙通信_新车_速度控制_超车_直道超车_武理调试\Prj\IAR\Debug\Obj\MK60_usb.o"
#        "E:\电磁组\IAR\差比和7.5(斜八字电感)_超声波_蓝牙通信_新车_速度控制_超车_直道超车_武理调试\Prj\IAR\Debug\Obj\MK60_wdog.o"
#        "E:\电磁组\IAR\差比和7.5(斜八字电感)_超声波_蓝牙通信_新车_速度控制_超车_直道超车_武理调试\Prj\IAR\Debug\Obj\oled.o"
#        "E:\电磁组\IAR\差比和7.5(斜八字电感)_超声波_蓝牙通信_新车_速度控制_超车_直道超车_武理调试\Prj\IAR\Debug\Obj\startup_MK60DZ10.o"
#        "E:\电磁组\IAR\差比和7.5(斜八字电感)_超声波_蓝牙通信_新车_速度控制_超车_直道超车_武理调试\Prj\IAR\Debug\Obj\system_MK60DZ10.o"
#        "E:\电磁组\IAR\差比和7.5(斜八字电感)_超声波_蓝牙通信_新车_速度控制_超车_直道超车_武理调试\Prj\IAR\Debug\Obj\USB.o"
#        "E:\电磁组\IAR\差比和7.5(斜八字电感)_超声波_蓝牙通信_新车_速度控制_超车_直道超车_武理调试\Prj\IAR\Debug\Obj\USB_CDC.o"
#        "E:\电磁组\IAR\差比和7.5(斜八字电感)_超声波_蓝牙通信_新车_速度控制_超车_直道超车_武理调试\Prj\IAR\Debug\Obj\VCAN_ASCII.o"
#        "E:\电磁组\IAR\差比和7.5(斜八字电感)_超声波_蓝牙通信_新车_速度控制_超车_直道超车_武理调试\Prj\IAR\Debug\Obj\VCAN_BMP.o"
#        "E:\电磁组\IAR\差比和7.5(斜八字电感)_超声波_蓝牙通信_新车_速度控制_超车_直道超车_武理调试\Prj\IAR\Debug\Obj\VCAN_computer.o"
#        "E:\电磁组\IAR\差比和7.5(斜八字电感)_超声波_蓝牙通信_新车_速度控制_超车_直道超车_武理调试\Prj\IAR\Debug\Obj\vcan_img2sd.o"
#        "E:\电磁组\IAR\差比和7.5(斜八字电感)_超声波_蓝牙通信_新车_速度控制_超车_直道超车_武理调试\Prj\IAR\Debug\Obj\VCAN_key.o"
#        "E:\电磁组\IAR\差比和7.5(斜八字电感)_超声波_蓝牙通信_新车_速度控制_超车_直道超车_武理调试\Prj\IAR\Debug\Obj\VCAN_key_event.o"
#        "E:\电磁组\IAR\差比和7.5(斜八字电感)_超声波_蓝牙通信_新车_速度控制_超车_直道超车_武理调试\Prj\IAR\Debug\Obj\VCAN_LED.o"
#        "E:\电磁组\IAR\差比和7.5(斜八字电感)_超声波_蓝牙通信_新车_速度控制_超车_直道超车_武理调试\Prj\IAR\Debug\Obj\VCAN_NRF24L0.o"
#        "E:\电磁组\IAR\差比和7.5(斜八字电感)_超声波_蓝牙通信_新车_速度控制_超车_直道超车_武理调试\Prj\IAR\Debug\Obj\VCAN_NRF24L0_MSG.o"
#        "E:\电磁组\IAR\差比和7.5(斜八字电感)_超声波_蓝牙通信_新车_速度控制_超车_直道超车_武理调试\Prj\IAR\Debug\Obj\VCAN_RTC_count.o"
#        "E:\电磁组\IAR\差比和7.5(斜八字电感)_超声波_蓝牙通信_新车_速度控制_超车_直道超车_武理调试\Prj\IAR\Debug\Obj\vcan_sd_app.o"
#        "E:\电磁组\IAR\差比和7.5(斜八字电感)_超声波_蓝牙通信_新车_速度控制_超车_直道超车_武理调试\Prj\IAR\Debug\Obj\vectors.o"
#        -o
#        "E:\电磁组\IAR\差比和7.5(斜八字电感)_超声波_蓝牙通信_新车_速度控制_超车_直道超车_武理调试\Prj\IAR\Debug\Exe\SmartCar.out"
#        --map
#        "E:\电磁组\IAR\差比和7.5(斜八字电感)_超声波_蓝牙通信_新车_速度控制_超车_直道超车_武理调试\Prj\IAR\Debug\List\SmartCar.map"
#        --config
#        "E:\电磁组\IAR\差比和7.5(斜八字电感)_超声波_蓝牙通信_新车_速度控制_超车_直道超车_武理调试\Prj\IAR\config
#        files\vcan_ROM_K60X512.icf" --semihosting --entry __iar_program_start
#        --vfe --text_out locale)
#
###############################################################################

*******************************************************************************
*** RUNTIME MODEL ATTRIBUTES
***

CppFlavor       = *
__SystemLibrary = DLib
__dlib_version  = 6


*******************************************************************************
*** HEAP SELECTION
***

The basic heap was selected because no calls to memory allocation
functions were found in the application outside of system library
functions, and there are calls to deallocation functions in the
application.


*******************************************************************************
*** PLACEMENT SUMMARY
***

"A0":  place at 0x00000000 { ro section .intvec };
"A1":  place at 0x00000410 { ro section .noinit };
"P1":  place in [from 0x00000000 to 0x00080000] |
                [from 0x10000000 to 0x1007ffff] { ro, block CodeRelocate };
"P2":  place in [from 0x1fff0410 to 0x20010000] {
          rw, block CodeRelocateRam, block CSTACK, block HEAP };
initialize manually with packing = copy, complex ranges { section .data };
initialize manually with packing = copy, complex ranges { section .textrw };

  Section              Kind        Address    Size  Object
  -------              ----        -------    ----  ------
"A0":                                        0x410
  .intvec              const    0x00000000   0x410  vectors.o [1]
                              - 0x00000410   0x410

"A1":                                          0x8
  .noinit              ro code  0x00000410     0x8  startup_MK60DZ10.o [1]
                              - 0x00000418     0x8

"P1":                                       0x7208
  Veneer               ro code  0x00000418     0x8  - Linker created -
  Veneer               ro code  0x00000420     0x8  - Linker created -
  Veneer               ro code  0x00000428     0x8  - Linker created -
  .text                ro code  0x00000430  0x2ae4  main.o [1]
  .text                ro code  0x00002f14   0x1bc  MK60_gpio.o [1]
  .text                ro code  0x000030d0   0x2ac  MK60_adc.o [1]
  .text                ro code  0x0000337c   0x578  MK60_ftm.o [1]
  .text                ro code  0x000038f4    0x48  FltToDbl.o [4]
  .text                ro code  0x0000393c    0x22  S32ToDbl.o [4]
  .text                ro code  0x00003960   0x246  DblDiv.o [4]
  .text                ro code  0x00003ba8   0x178  DblAdd.o [4]
  .text                ro code  0x00003d20    0x68  DblToFlt.o [4]
  .text                ro code  0x00003d88   0x192  DblMul.o [4]
  .text                ro code  0x00003f1a     0x8  abs.o [3]
  .text                ro code  0x00003f24   0x470  oled.o [1]
  .text                ro code  0x00004394    0xbc  MK60_port.o [1]
  .text                ro code  0x00004450    0x1a  U32ToDbl.o [4]
  .text                ro code  0x0000446c    0x64  MK60_SysTick.o [1]
  .text                ro code  0x000044d0   0x258  MK60_uart.o [1]
  .text                ro code  0x00004728    0x50  misc.o [1]
  .text                ro code  0x00004778    0x7c  MK60_PIT.o [1]
  .text                ro code  0x000047f4   0x12c  MK60_conf.o [1]
  .text                ro code  0x00004920    0xe2  DblSub.o [4]
  .text                ro code  0x00004a04    0x70  VCAN_LED.o [1]
  .text                ro code  0x00004a74    0x28  printf.o [3]
  .text                ro code  0x00004a9c    0x98  VCAN_key.o [1]
  .text                ro code  0x00004b34   0xdd6  xprintffull_nomb.o [3]
  .text                ro code  0x0000590c    0x16  strchr.o [5]
  .text                ro code  0x00005924    0x44  xfail_s.o [3]
  .text                ro code  0x00005968    0x36  strlen.o [5]
  .text                ro code  0x000059a0    0x58  memchr.o [5]
  .text                ro code  0x000059f8    0xee  I64DivMod.o [5]
  .text                ro code  0x00005ae8    0xa6  ABImemcpy.o [5]
  .text                ro code  0x00005b90    0x70  frexp.o [4]
  .text                ro code  0x00005c00    0x2e  DblCmpLe.o [4]
  .text                ro code  0x00005c30    0x2e  DblCmpGe.o [4]
  .text                ro code  0x00005c60   0x13a  ldexp.o [4]
  .text                ro code  0x00005d9c    0x3a  DblToS32.o [4]
  .text                ro code  0x00005dd8    0x28  DblToU32.o [4]
  .text                ro code  0x00005e00     0xe  div.o [3]
  .text                ro code  0x00005e0e     0x6  abort.o [3]
  .text                ro code  0x00005e14     0x2  I64DivZer.o [5]
  .text                ro code  0x00005e18    0x14  exit.o [6]
  .text                ro code  0x00005e2c    0x68  iarttio.o [6]
  .text                ro code  0x00005e94     0x8  XShttio.o [3]
  .data_init                    0x00005e9c   0x7ec  <Block>
    Initializer bytes  const    0x00005e9c   0x7ec  <for .data-1>
  Veneer               ro code  0x00006688     0x8  - Linker created -
  .text                ro code  0x00006690   0x3f4  MK60_mcg.o [1]
  .rodata              const    0x00006a84   0x228  oled.o [1]
  CodeRelocate                  0x00006cac   0x1ec  <Block>
    Initializer bytes  const    0x00006cac   0x1ec  <for CodeRelocateRam-1>
  .text                ro code  0x00006e98   0x11c  system_MK60DZ10.o [1]
  .text                ro code  0x00006fb4    0x40  MK60_wdog.o [1]
  .rodata              const    0x00006ff4    0x7c  MK60_SysTick.o [1]
  .rodata              const    0x00007070    0x78  MK60_adc.o [1]
  .rodata              const    0x000070e8    0x78  MK60_flash.o [1]
  .rodata              const    0x00007160    0x78  MK60_ftm.o [1]
  .rodata              const    0x000071d8    0x78  MK60_gpio.o [1]
  .rodata              const    0x00007250    0x78  MK60_PIT.o [1]
  .rodata              const    0x000072c8    0x78  MK60_uart.o [1]
  .rodata              const    0x00007340    0x74  misc.o [1]
  .text                ro code  0x000073b4    0x40  zero_init3.o [5]
  .rodata              const    0x000073f4    0x3c  MK60_conf.o [1]
  .text                ro code  0x00007430    0x28  putchar.o [3]
  .text                ro code  0x00007458    0x10  write.o [6]
  .text                ro code  0x00007468    0x1e  dwrite.o [6]
  .text                ro code  0x00007486    0x20  iarwstd.o [6]
  .text                ro code  0x000074a6    0x22  iarwrite.o [6]
  .text                ro code  0x000074c8    0x28  data_init.o [5]
  .rodata              const    0x000074f0    0x24  MK60_conf.o [1]
  .text                ro code  0x00007514    0x22  fpinit_M.o [4]
  .iar.init_table      const    0x00007538    0x10  - Linker created -
  .rodata              const    0x00007548    0x20  MK60_conf.o [1]
  .text                ro code  0x00007568    0x1a  cmain.o [5]
  .text                ro code  0x00007582     0x4  low_level_init.o [3]
  .text                ro code  0x00007586     0x4  exit.o [3]
  .text                ro code  0x0000758c     0xa  cexit.o [5]
  .text                ro code  0x00007596    0x16  xprout.o [3]
  .rodata              const    0x000075ac    0x14  MK60_conf.o [1]
  .rodata              const    0x000075c0     0xc  main.o [1]
  .text                ro code  0x000075cc     0xc  cstartup_M.o [5]
  .rodata              const    0x000075d8     0x8  main.o [1]
  .rodata              const    0x000075e0     0x8  main.o [1]
  .rodata              const    0x000075e8     0x8  main.o [1]
  .rodata              const    0x000075f0     0x8  main.o [1]
  .rodata              const    0x000075f8     0x8  main.o [1]
  .rodata              const    0x00007600     0x8  main.o [1]
  .rodata              const    0x00007608     0x8  main.o [1]
  .rodata              const    0x00007610     0x8  main.o [1]
  .rodata              const    0x00007618     0x8  main.o [1]
  .rodata              const    0x00007620     0x0  zero_init3.o [5]
                              - 0x00007620  0x7208

"P2", part 1 of 2:                           0x9d8
  .data                         0x1fff0410   0x7ec  <Block>
    .data-1                     0x1fff0410   0x7ea  <Init block>
      .data            inited   0x1fff0410     0x4  main.o [1]
      .data            inited   0x1fff0414     0x4  main.o [1]
      .data            inited   0x1fff0418     0x4  main.o [1]
      .data            inited   0x1fff041c     0x8  MK60_adc.o [1]
      .data            inited   0x1fff0424   0x708  MK60_conf.o [1]
      .data            inited   0x1fff0b2c    0x10  MK60_ftm.o [1]
      .data            inited   0x1fff0b3c    0x14  MK60_gpio.o [1]
      .data            inited   0x1fff0b50    0x58  MK60_mcg.o [1]
      .data            inited   0x1fff0ba8     0x4  MK60_mcg.o [1]
      .data            inited   0x1fff0bac    0x14  MK60_port.o [1]
      .data            inited   0x1fff0bc0    0x18  MK60_uart.o [1]
      .data            inited   0x1fff0bd8     0x8  VCAN_key.o [1]
      .data            inited   0x1fff0be0     0x4  VCAN_LED.o [1]
      .data            inited   0x1fff0be4     0x8  XShttio.o [3]
      .data            inited   0x1fff0bec     0x2  main.o [1]
      .data            inited   0x1fff0bee     0x2  main.o [1]
      .data            inited   0x1fff0bf0     0x2  main.o [1]
      .data            inited   0x1fff0bf2     0x2  main.o [1]
      .data            inited   0x1fff0bf4     0x2  main.o [1]
      .data            inited   0x1fff0bf6     0x2  main.o [1]
      .data            inited   0x1fff0bf8     0x2  main.o [1]
  CodeRelocateRam               0x1fff0bfc   0x1ec  <Block>
    CodeRelocateRam-1           0x1fff0bfc   0x1ec  <Init block>
      Veneer           inited   0x1fff0bfc     0x8  - Linker created -
      Veneer           inited   0x1fff0c04     0x8  - Linker created -
      .textrw          inited   0x1fff0c0c   0x190  MK60_flash.o [1]
      .textrw          inited   0x1fff0d9c    0x4c  MK60_mcg.o [1]
                              - 0x1fff0de8   0x9d8

"P2", part 2 of 2:                           0x174
  .bss                          0x1fff0de8   0x174  <Block>
    .bss               zero     0x1fff0de8     0x4  main.o [1]
    .bss               zero     0x1fff0dec     0x4  main.o [1]
    .bss               zero     0x1fff0df0     0x4  main.o [1]
    .bss               zero     0x1fff0df4     0x4  main.o [1]
    .bss               zero     0x1fff0df8     0x4  main.o [1]
    .bss               zero     0x1fff0dfc     0x4  main.o [1]
    .bss               zero     0x1fff0e00    0x10  main.o [1]
    .bss               zero     0x1fff0e10    0x10  main.o [1]
    .bss               zero     0x1fff0e20    0x10  main.o [1]
    .bss               zero     0x1fff0e30    0x10  main.o [1]
    .bss               zero     0x1fff0e40    0x10  main.o [1]
    .bss               zero     0x1fff0e50    0x18  main.o [1]
    .bss               zero     0x1fff0e68     0x4  main.o [1]
    .bss               zero     0x1fff0e6c     0x4  main.o [1]
    .bss               zero     0x1fff0e70     0x4  main.o [1]
    .bss               zero     0x1fff0e74     0x4  main.o [1]
    .bss               zero     0x1fff0e78     0x4  main.o [1]
    .bss               zero     0x1fff0e7c     0x4  main.o [1]
    .bss               zero     0x1fff0e80     0x4  main.o [1]
    .bss               zero     0x1fff0e84     0x4  main.o [1]
    .bss               zero     0x1fff0e88     0x4  main.o [1]
    .bss               zero     0x1fff0e8c     0x4  main.o [1]
    .bss               zero     0x1fff0e90     0x4  main.o [1]
    .bss               zero     0x1fff0e94     0x4  main.o [1]
    .bss               zero     0x1fff0e98     0x4  main.o [1]
    .bss               zero     0x1fff0e9c     0x4  main.o [1]
    .bss               zero     0x1fff0ea0     0x4  main.o [1]
    .bss               zero     0x1fff0ea4     0x4  main.o [1]
    .bss               zero     0x1fff0ea8     0x4  main.o [1]
    .bss               zero     0x1fff0eac     0x4  main.o [1]
    .bss               zero     0x1fff0eb0     0x4  main.o [1]
    .bss               zero     0x1fff0eb4     0x4  main.o [1]
    .bss               zero     0x1fff0eb8     0x4  main.o [1]
    .bss               zero     0x1fff0ebc     0x4  main.o [1]
    .bss               zero     0x1fff0ec0     0x4  main.o [1]
    .bss               zero     0x1fff0ec4     0x4  main.o [1]
    .bss               zero     0x1fff0ec8     0x4  main.o [1]
    .bss               zero     0x1fff0ecc     0x4  main.o [1]
    .bss               zero     0x1fff0ed0     0x4  main.o [1]
    .bss               zero     0x1fff0ed4     0x4  main.o [1]
    .bss               zero     0x1fff0ed8     0x4  main.o [1]
    .bss               zero     0x1fff0edc     0x4  main.o [1]
    .bss               zero     0x1fff0ee0     0x4  main.o [1]
    .bss               zero     0x1fff0ee4     0x4  main.o [1]
    .bss               zero     0x1fff0ee8    0x10  main.o [1]
    .bss               zero     0x1fff0ef8     0x4  main.o [1]
    .bss               zero     0x1fff0efc     0x4  main.o [1]
    .bss               zero     0x1fff0f00     0x4  main.o [1]
    .bss               zero     0x1fff0f04     0x4  main.o [1]
    .bss               zero     0x1fff0f08     0x4  main.o [1]
    .bss               zero     0x1fff0f0c     0x4  main.o [1]
    .bss               zero     0x1fff0f10     0x4  main.o [1]
    .bss               zero     0x1fff0f14     0x4  main.o [1]
    .bss               zero     0x1fff0f18     0x4  main.o [1]
    .bss               zero     0x1fff0f1c     0x4  main.o [1]
    .bss               zero     0x1fff0f20     0x4  main.o [1]
    .bss               zero     0x1fff0f24     0x4  main.o [1]
    .bss               zero     0x1fff0f28    0x10  MK60_ftm.o [1]
    .bss               zero     0x1fff0f38     0x4  system_MK60DZ10.o [1]
    .bss               zero     0x1fff0f3c     0x4  system_MK60DZ10.o [1]
    .bss               zero     0x1fff0f40     0x4  system_MK60DZ10.o [1]
    .bss               zero     0x1fff0f44     0x4  xfail_s.o [3]
    .bss               zero     0x1fff0f48     0x2  main.o [1]
    .bss               zero     0x1fff0f4a     0x2  main.o [1]
    .bss               zero     0x1fff0f4c     0x2  main.o [1]
    .bss               zero     0x1fff0f4e     0x2  main.o [1]
    .bss               zero     0x1fff0f50     0x1  main.o [1]
    .bss               zero     0x1fff0f51     0x1  main.o [1]
    .bss               zero     0x1fff0f52     0x1  main.o [1]
    .bss               zero     0x1fff0f53     0x1  main.o [1]
    .bss               zero     0x1fff0f54     0x1  main.o [1]
    .bss               zero     0x1fff0f55     0x1  main.o [1]
    .bss               zero     0x1fff0f56     0x1  main.o [1]
    .bss               zero     0x1fff0f57     0x1  main.o [1]
    .bss               zero     0x1fff0f58     0x1  main.o [1]
    .bss               zero     0x1fff0f59     0x1  main.o [1]
    .bss               zero     0x1fff0f5a     0x1  main.o [1]
                              - 0x1fff0f5c   0x174


*******************************************************************************
*** INIT TABLE
***

          Address     Size
          -------     ----
Zero (__iar_zero_init3)
    1 destination range, total size 0x173:
          0x1fff0de8  0x173



*******************************************************************************
*** MODULE SUMMARY
***

    Module              ro code  rw code  ro data  rw data
    ------              -------  -------  -------  -------
E:\电磁组\IAR\差比和7.5(斜八字电感)_超声波_蓝牙通信_新车_速度控制_超车_直道超车_武理调试\Prj\IAR\Debug\Obj: [1]
    MK60_PIT.o              124               120
    MK60_SysTick.o          100               124
    MK60_adc.o              684               128        8
    MK60_conf.o             300             1 948    1 800
    MK60_flash.o                     400      520
    MK60_ftm.o            1 400               136       32
    MK60_gpio.o             444               140       20
    MK60_mcg.o            1 012       76      168       92
    MK60_port.o             188                20       20
    MK60_uart.o             600               144       24
    MK60_wdog.o              64
    VCAN_LED.o              112                 4        4
    VCAN_key.o              152                 8        8
    main.o               10 980               110      365
    misc.o                   80               116
    oled.o                1 136               552
    startup_MK60DZ10.o        8
    system_MK60DZ10.o       284                         12
    vectors.o                               1 040
    ------------------------------------------------------
    Total:               17 668      476    5 278    2 385

command line: [2]
    ------------------------------------------------------
    Total:

dl7M_tln.a: [3]
    XShttio.o                 8                 8        8
    abort.o                   6
    abs.o                     8
    div.o                    14
    exit.o                    4
    low_level_init.o          4
    printf.o                 40
    putchar.o                40
    xfail_s.o                68                          4
    xprintffull_nomb.o    3 542
    xprout.o                 22
    ------------------------------------------------------
    Total:                3 756                 8       12

m7M_tls.a: [4]
    DblAdd.o                376
    DblCmpGe.o               46
    DblCmpLe.o               46
    DblDiv.o                582
    DblMul.o                402
    DblSub.o                226
    DblToFlt.o              104
    DblToS32.o               58
    DblToU32.o               40
    FltToDbl.o               72
    S32ToDbl.o               34
    U32ToDbl.o               26
    fpinit_M.o               34
    frexp.o                 112
    ldexp.o                 314
    ------------------------------------------------------
    Total:                2 472

rt7M_tl.a: [5]
    ABImemcpy.o             166
    I64DivMod.o             238
    I64DivZer.o               2
    cexit.o                  10
    cmain.o                  26
    cstartup_M.o             12
    data_init.o              40
    memchr.o                 88
    strchr.o                 22
    strlen.o                 54
    zero_init3.o             64
    ------------------------------------------------------
    Total:                  722

shb_l.a: [6]
    dwrite.o                 30
    exit.o                   20
    iarttio.o               104
    iarwrite.o               34
    iarwstd.o                32
    write.o                  16
    ------------------------------------------------------
    Total:                  236

    Gaps                     32                 2
    Linker created           32       16       34
----------------------------------------------------------
    Grand Total:         24 918      492    5 322    2 397


*******************************************************************************
*** ENTRY LIST
***

Entry                      Address   Size  Type      Object
-----                      -------   ----  ----      ------
.bss$$Base              0x1fff0de8          --   Gb  - Linker created -
.bss$$Limit             0x1fff0f5c          --   Gb  - Linker created -
.data$$Base             0x1fff0410          --   Gb  - Linker created -
.data$$Limit            0x1fff0bfc          --   Gb  - Linker created -
.data_init$$Base        0x00005e9c          --   Gb  - Linker created -
.data_init$$Limit       0x00006688          --   Gb  - Linker created -
.iar.init_table$$Base   0x00007538          --   Gb  - Linker created -
.iar.init_table$$Limit  0x00007548          --   Gb  - Linker created -
?main                   0x00007569         Code  Gb  cmain.o [5]
ABDistance              0x1fff0edc    0x4  Data  Gb  main.o [1]
ABS_FLOAT               0x0000046d   0x12  Code  Gb  main.o [1]
AB_Init                 0x000021f1   0x2e  Code  Gb  main.o [1]
ADCN                    0x1fff041c    0x8  Data  Gb  MK60_adc.o [1]
AD_init                 0x000004bf   0x2e  Code  Gb  main.o [1]
ASSERT_FAILED_STR       0x000074f0   0x24  Data  Gb  MK60_conf.o [1]
A_PIT_IRQHandler        0x00002a95   0x7a  Code  Gb  main.o [1]
B_HD_can                0x1fff0f57    0x1  Data  Gb  main.o [1]
B_HD_distance           0x1fff0ed4    0x4  Data  Gb  main.o [1]
B_HD_flag               0x1fff0eb0    0x4  Data  Gb  main.o [1]
Car                     0x1fff0f48    0x2  Data  Gb  main.o [1]
Clk_flag                0x1fff0e9c    0x4  Data  Gb  main.o [1]
CodeRelocate$$Base      0x00006cac          --   Gb  - Linker created -
CodeRelocate$$Limit     0x00006e98          --   Gb  - Linker created -
CodeRelocateRam$$Base   0x1fff0bfc          --   Gb  - Linker created -
CodeRelocateRam$$Limit  0x1fff0de8          --   Gb  - Linker created -
DirectionADLeft         0x1fff0e00   0x10  Data  Gb  main.o [1]
DirectionADLeftH        0x1fff0e20   0x10  Data  Gb  main.o [1]
DirectionADMiddle_L     0x1fff0e40   0x10  Data  Gb  main.o [1]
DirectionADRight        0x1fff0e10   0x10  Data  Gb  main.o [1]
DirectionADRightH       0x1fff0e30   0x10  Data  Gb  main.o [1]
DirectionAverageCalculate
                        0x0000091d  0x17a  Code  Gb  main.o [1]
DirectionControl        0x00000b01  0x93a  Code  Gb  main.o [1]
DirectionControlCount   0x1fff0df4    0x4  Data  Gb  main.o [1]
Direction_D_AS          0x1fff0bee    0x2  Data  Gb  main.o [1]
Direction_P_AS          0x1fff0bec    0x2  Data  Gb  main.o [1]
Dre_B                   0x1fff0eb8    0x4  Data  Gb  main.o [1]
Dre_S                   0x1fff0ebc    0x4  Data  Gb  main.o [1]
F6x8                    0x00006a84  0x228  Data  Gb  oled.o [1]
FTMN                    0x1fff0b2c   0x10  Data  Gb  MK60_ftm.o [1]
FTM_port_mux            0x0000337d  0x1a2  Code  Lc  MK60_ftm.o [1]
GPIOX                   0x1fff0b3c   0x14  Data  Gb  MK60_gpio.o [1]
HD_Direction_init       0x0000047f   0x40  Code  Gb  main.o [1]
HD_overtake             0x1fff0f53    0x1  Data  Gb  main.o [1]
HD_overtake_f           0x1fff0f54    0x1  Data  Gb  main.o [1]
KEY_PTxn                0x1fff0bd8    0x8  Data  Gb  VCAN_key.o [1]
KeyScan1                0x0000224d  0x3a0  Code  Gb  main.o [1]
LCD_CLS                 0x0000404d   0x38  Code  Gb  oled.o [1]
LCD_Fill                0x00004011   0x3c  Code  Gb  oled.o [1]
LCD_Init                0x00004085   0xd0  Code  Gb  oled.o [1]
LCD_Set_Pos             0x00003fe1   0x30  Code  Gb  oled.o [1]
LCD_WrCmd               0x00003f8d   0x54  Code  Gb  oled.o [1]
LCD_WrDat               0x00003f25   0x68  Code  Gb  oled.o [1]
LED_PTxn                0x1fff0be0    0x4  Data  Gb  VCAN_LED.o [1]
Last_Error              0x1fff0f20    0x4  Data  Gb  main.o [1]
Last_PD_flag            0x1fff0f5a    0x1  Data  Gb  main.o [1]
Last_SubAdd_H           0x1fff0f1c    0x4  Data  Gb  main.o [1]
Last_SubAdd_Q           0x1fff0f18    0x4  Data  Gb  main.o [1]
LeftH                   0x1fff0e78    0x4  Data  Gb  main.o [1]
LeftH_1                 0x1fff0e80    0x4  Data  Gb  main.o [1]
LoadInt                 0x00004cd3   0x7a  Code  Lc  xprintffull_nomb.o [3]
Middle_L                0x1fff0e6c    0x4  Data  Gb  main.o [1]
Middle_L_1              0x1fff0e70    0x4  Data  Gb  main.o [1]
Middle_R                0x1fff0e74    0x4  Data  Gb  main.o [1]
Motor_Ctrl              0x00000781   0x82  Code  Gb  main.o [1]
NVIC_EnableIRQ          0x00000431   0x16  Code  Lc  main.o [1]
NVIC_EnableIRQ          0x000044d1   0x16  Code  Lc  MK60_uart.o [1]
NVIC_SetPriority        0x00000447   0x26  Code  Lc  main.o [1]
NVIC_SystemReset        0x000047f5   0x1a  Code  Lc  MK60_conf.o [1]
P                       0x1fff0ec0    0x4  Data  Gb  main.o [1]
PD_distance             0x1fff0ec8    0x4  Data  Gb  main.o [1]
PD_flag                 0x1fff0f59    0x1  Data  Gb  main.o [1]
PD_num                  0x1fff0ec4    0x4  Data  Gb  main.o [1]
PORTD_isr               0x000029d1   0xbc  Code  Gb  main.o [1]
PORTX                   0x1fff0bac   0x14  Data  Gb  MK60_port.o [1]
Region$$Table$$Base     0x00007538          --   Gb  - Linker created -
Region$$Table$$Limit    0x00007548          --   Gb  - Linker created -
Reset_Handler           0x00000411         Code  Gb  startup_MK60DZ10.o [1]
RightH                  0x1fff0e7c    0x4  Data  Gb  main.o [1]
RightH_1                0x1fff0e84    0x4  Data  Gb  main.o [1]
SCI0_send_flg           0x00002c99   0xe2  Code  Gb  main.o [1]
S_HD_can                0x1fff0f58    0x1  Data  Gb  main.o [1]
S_HD_end                0x1fff0eb4    0x4  Data  Gb  main.o [1]
Speed                   0x1fff0f4a    0x2  Data  Gb  main.o [1]
SpeedControl            0x000004ed  0x294  Code  Gb  main.o [1]
SpeedData               0x1fff0ee8   0x10  Data  Gb  main.o [1]
SpeedSet                0x1fff0bf2    0x2  Data  Gb  main.o [1]
Speed_I                 0x1fff0bf8    0x2  Data  Gb  main.o [1]
Speed_P                 0x1fff0bf6    0x2  Data  Gb  main.o [1]
Speed_wan_Set           0x1fff0bf4    0x2  Data  Gb  main.o [1]
Speedlimit              0x1fff0414    0x4  Data  Gb  main.o [1]
Steel_Contorl           0x000014c9  0x894  Code  Gb  main.o [1]
Step_Middle1            0x1fff0bf0    0x2  Data  Gb  main.o [1]
SubAdd                  0x1fff0e68    0x4  Data  Gb  main.o [1]
SubAddData              0x1fff0e50   0x18  Data  Gb  main.o [1]
SubAdd_H                0x1fff0f14    0x4  Data  Gb  main.o [1]
SubAdd_Q                0x1fff0f10    0x4  Data  Gb  main.o [1]
UART5_isr               0x00002d91   0xac  Code  Gb  main.o [1]
UARTN                   0x1fff0bc0   0x18  Data  Gb  MK60_uart.o [1]
_GenldFullNoMb          0x00005637  0x248  Code  Lc  xprintffull_nomb.o [3]
_LdtobFullNoMb          0x0000520f  0x3fe  Code  Lc  xprintffull_nomb.o [3]
_LitobFullNoMb          0x000050bf  0x10a  Code  Lc  xprintffull_nomb.o [3]
_PrintfFullNoMb         0x00004b35  0x190  Code  Gb  xprintffull_nomb.o [3]
_Prout                  0x00007597   0x16  Code  Gb  xprout.o [3]
_PutcharsFullNoMb       0x0000587f   0x2e  Code  Lc  xprintffull_nomb.o [3]
_PutfldFullNoMb         0x00004d4d  0x264  Code  Lc  xprintffull_nomb.o [3]
_PuttxtFullNoMb         0x00004fb1  0x10e  Code  Lc  xprintffull_nomb.o [3]
__BOOT_STACK_ADDRESS {Abs}
                        0x2000fff8         Data  Gb  command line/config [2]
__VECTOR_RAM {Abs}      0x1fff0000         Data  Gb  command line/config [2]
__VECTOR_TABLE {Abs}    0x00000000         Data  Gb  command line/config [2]
__aeabi_cdcmple         0x00005c01         Code  Gb  DblCmpLe.o [4]
__aeabi_cdrcmple        0x00005c31         Code  Gb  DblCmpGe.o [4]
__aeabi_d2f             0x00003d21         Code  Gb  DblToFlt.o [4]
__aeabi_d2iz            0x00005d9d         Code  Gb  DblToS32.o [4]
__aeabi_d2uiz           0x00005dd9         Code  Gb  DblToU32.o [4]
__aeabi_dadd            0x00003ba9         Code  Gb  DblAdd.o [4]
__aeabi_ddiv            0x00003961         Code  Gb  DblDiv.o [4]
__aeabi_dmul            0x00003d89         Code  Gb  DblMul.o [4]
__aeabi_dsub            0x00004921         Code  Gb  DblSub.o [4]
__aeabi_f2d             0x000038f5         Code  Gb  FltToDbl.o [4]
__aeabi_i2d             0x0000393d         Code  Gb  S32ToDbl.o [4]
__aeabi_ldiv0           0x00005e15         Code  Gb  I64DivZer.o [5]
__aeabi_memcpy          0x00005ae9         Code  Gb  ABImemcpy.o [5]
__aeabi_memcpy4         0x00005b09         Code  Gb  ABImemcpy.o [5]
__aeabi_memcpy8         0x00005b09         Code  Gb  ABImemcpy.o [5]
__aeabi_ui2d            0x00004451         Code  Gb  U32ToDbl.o [4]
__aeabi_uldivmod        0x000059f9         Code  Gb  I64DivMod.o [5]
__cmain                 0x00007569         Code  Gb  cmain.o [5]
__code_start__ {Abs}    0x00000410         Data  Gb  command line/config [2]
__dwrite                0x00007469   0x1e  Code  Gb  dwrite.o [6]
__exit                  0x00005e19   0x14  Code  Gb  exit.o [6]
__iar_Fail_s            0x00005925   0x1e  Code  Gb  xfail_s.o [3]
__iar_Memchr            0x000059a1         Code  Gb  memchr.o [5]
__iar_Strchr            0x0000590d         Code  Gb  strchr.o [5]
__iar_close_ttio        0x00005e2d   0x2c  Code  Gb  iarttio.o [6]
__iar_dadd              0x00004931         Code  Gb  DblSub.o [4]
__iar_data_init3        0x000074c9   0x28  Code  Gb  data_init.o [5]
__iar_dsub              0x00003bb9         Code  Gb  DblAdd.o [4]
__iar_dsubStart         0x00003bcb         Code  Gb  DblAdd.o [4]
__iar_frexp             0x00005b9d         Code  Gb  frexp.o [4]
__iar_frexpl            0x00005b9d         Code  Gb  frexp.o [4]
__iar_get_ttio          0x00005e59   0x38  Code  Gb  iarttio.o [6]
__iar_init_vfp          0x00007515         Code  Gb  fpinit_M.o [4]
__iar_ldexp64           0x00005c61         Code  Gb  ldexp.o [4]
__iar_lookup_ttioh      0x00005e95    0x8  Code  Gb  XShttio.o [3]
__iar_program_start     0x000075cd         Code  Gb  cstartup_M.o [5]
__iar_scalbln64         0x00005c61         Code  Gb  ldexp.o [4]
__iar_scalbn64          0x00005c61         Code  Gb  ldexp.o [4]
__iar_sh_stdout         0x00007487   0x20  Code  Gb  iarwstd.o [6]
__iar_sh_write          0x000074a7   0x22  Code  Gb  iarwrite.o [6]
__iar_softfp___iar_frexp64
                        0x00005b91         Code  Gb  frexp.o [4]
__iar_softfp_frexp      0x00005b91         Code  Gb  frexp.o [4]
__iar_softfp_frexpl     0x00005b91         Code  Gb  frexp.o [4]
__iar_systems$$module {Abs}
                        0x00000001         Data  Gb  command line/config [2]
__iar_ttio_handles      0x1fff0be4    0x8  Data  Lc  XShttio.o [3]
__iar_zero_init3        0x000073b5   0x40  Code  Gb  zero_init3.o [5]
__low_level_init        0x00007583    0x4  Code  Gb  low_level_init.o [3]
__vector_table          0x00000000  0x410  Data  Gb  vectors.o [1]
__write                 0x00007459   0x10  Code  Gb  write.o [6]
_call_main              0x00007575         Code  Gb  cmain.o [5]
_exit                   0x0000758d         Code  Gb  cexit.o [5]
_main                   0x0000757f         Code  Gb  cmain.o [5]
abort                   0x00005e0f    0x6  Code  Gb  abort.o [3]
abs                     0x00003f1b    0x8  Code  Gb  abs.o [3]
adc_init                0x000030d1  0x20e  Code  Gb  MK60_adc.o [1]
adc_once                0x000032df   0x48  Code  Gb  MK60_adc.o [1]
adc_start               0x00003327   0x42  Code  Lc  MK60_adc.o [1]
assert_failed           0x0000480f   0x26  Code  Gb  MK60_conf.o [1]
boma                    0x000008cf   0x2c  Code  Gb  main.o [1]
bus_clk_khz             0x1fff0f40    0x4  Data  Gb  system_MK60DZ10.o [1]
clk                     0x1fff0ea0    0x4  Data  Gb  main.o [1]
common_startup          0x00006f03   0x74  Code  Gb  system_MK60DZ10.o [1]
core_clk_khz            0x1fff0f38    0x4  Data  Gb  system_MK60DZ10.o [1]
core_clk_mhz            0x1fff0f3c    0x4  Data  Gb  system_MK60DZ10.o [1]
default_isr             0x000048cd   0x34  Code  Gb  MK60_conf.o [1]
distance                0x1fff0ecc    0x4  Data  Gb  main.o [1]
div                     0x00005e01    0xe  Code  Gb  div.o [3]
end                     0x1fff0f51    0x1  Data  Gb  main.o [1]
exit                    0x00007587    0x4  Code  Gb  exit.o [3]
fDelta                  0x1fff0f08    0x4  Data  Gb  main.o [1]
fP                      0x1fff0f0c    0x4  Data  Gb  main.o [1]
fengming                0x00000803   0x26  Code  Gb  main.o [1]
flag_distance           0x1fff0ed0    0x4  Data  Gb  main.o [1]
flash_cmd               0x1fff0c0d   0x20  Code  Gb  MK60_flash.o [1]
flash_erase_sector      0x1fff0c51   0x5c  Code  Gb  MK60_flash.o [1]
flash_init              0x1fff0c2d   0x24  Code  Gb  MK60_flash.o [1]
flash_write             0x1fff0cad   0xb2  Code  Gb  MK60_flash.o [1]
front_or_back           0x1fff0f52    0x1  Data  Gb  main.o [1]
ftm_mod                 0x1fff0f28   0x10  Data  Lc  MK60_ftm.o [1]
ftm_pwm_duty            0x00003693   0xf4  Code  Gb  MK60_ftm.o [1]
ftm_pwm_init            0x0000351f  0x174  Code  Gb  MK60_ftm.o [1]
ftm_quad_clean          0x000038b5   0x28  Code  Gb  MK60_ftm.o [1]
ftm_quad_get            0x0000388d   0x28  Code  Gb  MK60_ftm.o [1]
ftm_quad_init           0x00003787  0x106  Code  Gb  MK60_ftm.o [1]
g_fCarSpeed             0x1fff0ef8    0x4  Data  Gb  main.o [1]
g_fSpeedControlIntegral
                        0x1fff0f04    0x4  Data  Gb  main.o [1]
g_fSpeedControlIntegral_limit
                        0x1fff0410    0x4  Data  Gb  main.o [1]
g_fSpeedControlOutNew   0x1fff0f00    0x4  Data  Gb  main.o [1]
g_fSpeedControlOutOld   0x1fff0efc    0x4  Data  Gb  main.o [1]
go                      0x1fff0f50    0x1  Data  Gb  main.o [1]
go_overtake             0x1fff0f55    0x1  Data  Gb  main.o [1]
go_overtake_f           0x1fff0f56    0x1  Data  Gb  main.o [1]
gpio_get                0x00003089   0x3e  Code  Gb  MK60_gpio.o [1]
gpio_init               0x00002f15   0xbe  Code  Gb  MK60_gpio.o [1]
gpio_set                0x00002fd3   0x78  Code  Gb  MK60_gpio.o [1]
gpio_turn               0x0000304b   0x3e  Code  Gb  MK60_gpio.o [1]
io_init                 0x000008fb   0x22  Code  Gb  main.o [1]
key_check               0x00004b05   0x2a  Code  Gb  VCAN_key.o [1]
key_get                 0x00004aed   0x18  Code  Gb  VCAN_key.o [1]
key_init                0x00004a9d   0x50  Code  Gb  VCAN_key.o [1]
key_init1               0x0000088f   0x40  Code  Gb  main.o [1]
ldexp                   0x00005c61         Code  Gb  ldexp.o [4]
ldexpl                  0x00005c61         Code  Gb  ldexp.o [4]
led_init                0x00004a05   0x38  Code  Gb  VCAN_LED.o [1]
led_turn                0x00004a3d   0x30  Code  Gb  VCAN_LED.o [1]
line                    0x1fff0f24    0x4  Data  Gb  main.o [1]
main                    0x00002b29  0x16c  Code  Gb  main.o [1]
mcg_cfg                 0x1fff0b50   0x58  Data  Gb  MK60_mcg.o [1]
mcg_div                 0x1fff0ba8    0x4  Data  Gb  MK60_mcg.o [1]
mcg_div_count           0x00006691  0x324  Code  Gb  MK60_mcg.o [1]
memchr                  0x000059a1         Code  Gb  memchr.o [5]
mode1                   0x1fff0de8    0x4  Data  Gb  main.o [1]
mode2                   0x1fff0dec    0x4  Data  Gb  main.o [1]
mode3                   0x1fff0df0    0x4  Data  Gb  main.o [1]
motorPWM_init           0x00000859   0x20  Code  Gb  main.o [1]
motor_control           0x00001da1  0x338  Code  Gb  main.o [1]
motor_pwm               0x1fff0f4e    0x2  Data  Gb  main.o [1]
nLeft                   0x1fff0e88    0x4  Data  Gb  main.o [1]
nLeft_1                 0x1fff0e90    0x4  Data  Gb  main.o [1]
nRight                  0x1fff0e8c    0x4  Data  Gb  main.o [1]
nRight_1                0x1fff0e94    0x4  Data  Gb  main.o [1]
oled_init               0x00000829   0x30  Code  Gb  main.o [1]
overtake                0x00002115   0xd8  Code  Gb  main.o [1]
page                    0x1fff0418    0x4  Data  Gb  main.o [1]
parameter_read          0x000025ed   0xa6  Code  Gb  main.o [1]
parameter_write         0x00002693   0x66  Code  Gb  main.o [1]
pit_init                0x00004779   0x6c  Code  Gb  MK60_PIT.o [1]
pll_init                0x000069b5   0xb2  Code  Gb  MK60_mcg.o [1]
port_init               0x00004395   0x4a  Code  Gb  MK60_port.o [1]
port_init_NoALT         0x000043df   0x6a  Code  Gb  MK60_port.o [1]
pre_show1               0x00002709   0xde  Code  Gb  main.o [1]
pre_show2               0x000027f5  0x104  Code  Gb  main.o [1]
pre_show3               0x000028fd   0x8c  Code  Gb  main.o [1]
printf                  0x00004a75   0x28  Code  Gb  printf.o [3]
putchar                 0x00007431   0x28  Code  Gb  putchar.o [3]
re_ABDistance           0x1fff0ee0    0x4  Data  Gb  main.o [1]
scalbln                 0x00005c61         Code  Gb  ldexp.o [4]
scalblnl                0x00005c61         Code  Gb  ldexp.o [4]
scalbn                  0x00005c61         Code  Gb  ldexp.o [4]
scalbnl                 0x00005c61         Code  Gb  ldexp.o [4]
scale                   0x000051c9   0x46  Code  Lc  xprintffull_nomb.o [3]
sduty                   0x1fff0df8    0x4  Data  Gb  main.o [1]
sec_hand                0x1fff0f44    0x4  Data  Lc  xfail_s.o [3]
set_sys_dividers        0x1fff0d9d   0x4c  Code  Gb  MK60_mcg.o [1]
set_vector_handler      0x0000474b   0x22  Code  Gb  misc.o [1]
start                   0x00006e99   0x2e  Code  Gb  system_MK60DZ10.o [1]
start_car               0x1fff0e98    0x4  Data  Gb  main.o [1]
start_check             0x00004835   0x98  Code  Gb  MK60_conf.o [1]
steelPWM_init           0x00000879   0x16  Code  Gb  main.o [1]
steel_PWM               0x1fff0dfc    0x4  Data  Gb  main.o [1]
stop                    0x1fff0ea8    0x4  Data  Gb  main.o [1]
stop_cnt                0x1fff0eac    0x4  Data  Gb  main.o [1]
strchr                  0x0000590d         Code  Gb  strchr.o [5]
strlen                  0x00005969         Code  Gb  strlen.o [5]
sysinit                 0x00006ec7   0x3c  Code  Gb  system_MK60DZ10.o [1]
systick_delay           0x0000446d   0x36  Code  Gb  MK60_SysTick.o [1]
systick_delay_ms        0x000044a3   0x18  Code  Gb  MK60_SysTick.o [1]
uart_init               0x000044e7  0x1fe  Code  Gb  MK60_uart.o [1]
uart_rx_irq_en          0x000046e5   0x28  Code  Gb  MK60_uart.o [1]
ultrasonic_time         0x1fff0ed8    0x4  Data  Gb  main.o [1]
v                       0x1fff0ee4    0x4  Data  Gb  main.o [1]
vector_str              0x1fff0424  0x708  Data  Gb  MK60_conf.o [1]
vn                      0x1fff0f4c    0x2  Data  Gb  main.o [1]
wdog_disable            0x00006fb5   0x16  Code  Gb  MK60_wdog.o [1]
wdog_unlock             0x00006fcb   0x20  Code  Lc  MK60_wdog.o [1]
write_6_8_char          0x00004155   0x3c  Code  Gb  oled.o [1]
write_6_8_number        0x00004209  0x170  Code  Gb  oled.o [1]
write_6_8_string        0x00004191   0x74  Code  Gb  oled.o [1]
write_vtor              0x00004729   0x22  Code  Gb  misc.o [1]
zhi_to_wan_flag         0x1fff0ea4    0x4  Data  Gb  main.o [1]


[1] = E:\电磁组\IAR\差比和7.5(斜八字电感)_超声波_蓝牙通信_新车_速度控制_超车_直道超车_武理调试\Prj\IAR\Debug\Obj
[2] = command line
[3] = dl7M_tln.a
[4] = m7M_tls.a
[5] = rt7M_tl.a
[6] = shb_l.a

  24 918 bytes of readonly  code memory
     492 bytes of readwrite code memory
   5 322 bytes of readonly  data memory
   2 397 bytes of readwrite data memory

Errors: none
Warnings: none
